Traceback (most recent call last):
  File "/N/project/easg690_fall2025/student_work_dirs/obrienta/advanced_earth_science_data_analysis/.venv/lib/python3.12/site-packages/jupyter_core/utils/__init__.py", line 154, in wrapped
    asyncio.get_running_loop()
RuntimeError: no running event loop

During handling of the above exception, another exception occurred:

Traceback (most recent call last):
  File "/N/project/easg690_fall2025/student_work_dirs/obrienta/advanced_earth_science_data_analysis/.venv/lib/python3.12/site-packages/jupyter_cache/executors/utils.py", line 58, in single_nb_execution
    executenb(
  File "/N/project/easg690_fall2025/student_work_dirs/obrienta/advanced_earth_science_data_analysis/.venv/lib/python3.12/site-packages/nbclient/client.py", line 1319, in execute
    return NotebookClient(nb=nb, resources=resources, km=km, **kwargs).execute()
           ^^^^^^^^^^^^^^^^^^^^^^^^^^^^^^^^^^^^^^^^^^^^^^^^^^^^^^^^^^^^^^^^^^^^^
  File "/N/project/easg690_fall2025/student_work_dirs/obrienta/advanced_earth_science_data_analysis/.venv/lib/python3.12/site-packages/jupyter_core/utils/__init__.py", line 158, in wrapped
    return loop.run_until_complete(inner)
           ^^^^^^^^^^^^^^^^^^^^^^^^^^^^^^
  File "/N/u/obrienta/Quartz/.local/share/uv/python/cpython-3.12.10-linux-x86_64-gnu/lib/python3.12/asyncio/base_events.py", line 691, in run_until_complete
    return future.result()
           ^^^^^^^^^^^^^^^
  File "/N/project/easg690_fall2025/student_work_dirs/obrienta/advanced_earth_science_data_analysis/.venv/lib/python3.12/site-packages/nbclient/client.py", line 709, in async_execute
    await self.async_execute_cell(
  File "/N/project/easg690_fall2025/student_work_dirs/obrienta/advanced_earth_science_data_analysis/.venv/lib/python3.12/site-packages/nbclient/client.py", line 1062, in async_execute_cell
    await self._check_raise_for_error(cell, cell_index, exec_reply)
  File "/N/project/easg690_fall2025/student_work_dirs/obrienta/advanced_earth_science_data_analysis/.venv/lib/python3.12/site-packages/nbclient/client.py", line 918, in _check_raise_for_error
    raise CellExecutionError.from_cell_and_msg(cell, exec_reply_content)
nbclient.exceptions.CellExecutionError: An error occurred while executing the following cell:
------------------
def factorial(n):
    """Calculates the factorial of a number."""
    fac = 1
    if n == 1:
        fac = 1
    else:
        fac = n * factorial(n-1)
        

# test the factorial function; this should print 120
print(factorial(5))
------------------


[31m---------------------------------------------------------------------------[39m
[31mTypeError[39m                                 Traceback (most recent call last)
[36mCell[39m[36m [39m[32mIn[1][39m[32m, line 11[39m
[32m      7[39m         fac = n * factorial(n-[32m1[39m)
[32m     10[39m [38;5;66;03m# test the factorial function; this should print 120[39;00m
[32m---> [39m[32m11[39m [38;5;28mprint[39m([43mfactorial[49m[43m([49m[32;43m5[39;49m[43m)[49m)

[36mCell[39m[36m [39m[32mIn[1][39m[32m, line 7[39m, in [36mfactorial[39m[34m(n)[39m
[32m      5[39m     fac = [32m1[39m
[32m      6[39m [38;5;28;01melse[39;00m:
[32m----> [39m[32m7[39m     fac = n * [43mfactorial[49m[43m([49m[43mn[49m[43m-[49m[32;43m1[39;49m[43m)[49m

[36mCell[39m[36m [39m[32mIn[1][39m[32m, line 7[39m, in [36mfactorial[39m[34m(n)[39m
[32m      5[39m     fac = [32m1[39m
[32m      6[39m [38;5;28;01melse[39;00m:
[32m----> [39m[32m7[39m     fac = n * [43mfactorial[49m[43m([49m[43mn[49m[43m-[49m[32;43m1[39;49m[43m)[49m

    [31m[... skipping similar frames: factorial at line 7 (1 times)][39m

[36mCell[39m[36m [39m[32mIn[1][39m[32m, line 7[39m, in [36mfactorial[39m[34m(n)[39m
[32m      5[39m     fac = [32m1[39m
[32m      6[39m [38;5;28;01melse[39;00m:
[32m----> [39m[32m7[39m     fac = [43mn[49m[43m [49m[43m*[49m[43m [49m[43mfactorial[49m[43m([49m[43mn[49m[43m-[49m[32;43m1[39;49m[43m)[49m

[31mTypeError[39m: unsupported operand type(s) for *: 'int' and 'NoneType'

