Traceback (most recent call last):
  File "/N/project/easg690_fall2025/student_work_dirs/obrienta/advanced_earth_science_data_analysis/.venv/lib/python3.12/site-packages/jupyter_core/utils/__init__.py", line 154, in wrapped
    asyncio.get_running_loop()
RuntimeError: no running event loop

During handling of the above exception, another exception occurred:

Traceback (most recent call last):
  File "/N/project/easg690_fall2025/student_work_dirs/obrienta/advanced_earth_science_data_analysis/.venv/lib/python3.12/site-packages/jupyter_cache/executors/utils.py", line 58, in single_nb_execution
    executenb(
  File "/N/project/easg690_fall2025/student_work_dirs/obrienta/advanced_earth_science_data_analysis/.venv/lib/python3.12/site-packages/nbclient/client.py", line 1319, in execute
    return NotebookClient(nb=nb, resources=resources, km=km, **kwargs).execute()
           ^^^^^^^^^^^^^^^^^^^^^^^^^^^^^^^^^^^^^^^^^^^^^^^^^^^^^^^^^^^^^^^^^^^^^
  File "/N/project/easg690_fall2025/student_work_dirs/obrienta/advanced_earth_science_data_analysis/.venv/lib/python3.12/site-packages/jupyter_core/utils/__init__.py", line 158, in wrapped
    return loop.run_until_complete(inner)
           ^^^^^^^^^^^^^^^^^^^^^^^^^^^^^^
  File "/N/u/obrienta/Quartz/.local/share/uv/python/cpython-3.12.10-linux-x86_64-gnu/lib/python3.12/asyncio/base_events.py", line 691, in run_until_complete
    return future.result()
           ^^^^^^^^^^^^^^^
  File "/N/project/easg690_fall2025/student_work_dirs/obrienta/advanced_earth_science_data_analysis/.venv/lib/python3.12/site-packages/nbclient/client.py", line 709, in async_execute
    await self.async_execute_cell(
  File "/N/project/easg690_fall2025/student_work_dirs/obrienta/advanced_earth_science_data_analysis/.venv/lib/python3.12/site-packages/nbclient/client.py", line 1062, in async_execute_cell
    await self._check_raise_for_error(cell, cell_index, exec_reply)
  File "/N/project/easg690_fall2025/student_work_dirs/obrienta/advanced_earth_science_data_analysis/.venv/lib/python3.12/site-packages/nbclient/client.py", line 918, in _check_raise_for_error
    raise CellExecutionError.from_cell_and_msg(cell, exec_reply_content)
nbclient.exceptions.CellExecutionError: An error occurred while executing the following cell:
------------------
""" Load the tmin data file. """

climdiv_tminv_url = "https://www.ncei.noaa.gov/pub/data/cirs/climdiv/climdiv-tmindv-v1.0.0-20250707"

# read the NClimDiv data setting -99.99 to NaN
climdiv_tminv = pd.read_csv(climdiv_tminv_url, sep='\s+', header=None, names=['code'] + list(range(1,13)), na_values=-99.9)

climdiv_tminv
------------------

----- stderr -----
<>:6: SyntaxWarning: invalid escape sequence '\s'
<>:6: SyntaxWarning: invalid escape sequence '\s'
/tmp/ipykernel_1896249/1322948465.py:6: SyntaxWarning: invalid escape sequence '\s'
  climdiv_tminv = pd.read_csv(climdiv_tminv_url, sep='\s+', header=None, names=['code'] + list(range(1,13)), na_values=-99.9)
----- stderr -----
/tmp/ipykernel_1896249/1322948465.py:6: SyntaxWarning: invalid escape sequence '\s'
  climdiv_tminv = pd.read_csv(climdiv_tminv_url, sep='\s+', header=None, names=['code'] + list(range(1,13)), na_values=-99.9)
------------------

[31m---------------------------------------------------------------------------[39m
[31mSSLCertVerificationError[39m                  Traceback (most recent call last)
[36mFile [39m[32m~/.local/share/uv/python/cpython-3.12.10-linux-x86_64-gnu/lib/python3.12/urllib/request.py:1344[39m, in [36mAbstractHTTPHandler.do_open[39m[34m(self, http_class, req, **http_conn_args)[39m
[32m   1343[39m [38;5;28;01mtry[39;00m:
[32m-> [39m[32m1344[39m     [43mh[49m[43m.[49m[43mrequest[49m[43m([49m[43mreq[49m[43m.[49m[43mget_method[49m[43m([49m[43m)[49m[43m,[49m[43m [49m[43mreq[49m[43m.[49m[43mselector[49m[43m,[49m[43m [49m[43mreq[49m[43m.[49m[43mdata[49m[43m,[49m[43m [49m[43mheaders[49m[43m,[49m
[32m   1345[39m [43m              [49m[43mencode_chunked[49m[43m=[49m[43mreq[49m[43m.[49m[43mhas_header[49m[43m([49m[33;43m'[39;49m[33;43mTransfer-encoding[39;49m[33;43m'[39;49m[43m)[49m[43m)[49m
[32m   1346[39m [38;5;28;01mexcept[39;00m [38;5;167;01mOSError[39;00m [38;5;28;01mas[39;00m err: [38;5;66;03m# timeout error[39;00m

[36mFile [39m[32m~/.local/share/uv/python/cpython-3.12.10-linux-x86_64-gnu/lib/python3.12/http/client.py:1338[39m, in [36mHTTPConnection.request[39m[34m(self, method, url, body, headers, encode_chunked)[39m
[32m   1337[39m [38;5;250m[39m[33;03m"""Send a complete request to the server."""[39;00m
[32m-> [39m[32m1338[39m [38;5;28;43mself[39;49m[43m.[49m[43m_send_request[49m[43m([49m[43mmethod[49m[43m,[49m[43m [49m[43murl[49m[43m,[49m[43m [49m[43mbody[49m[43m,[49m[43m [49m[43mheaders[49m[43m,[49m[43m [49m[43mencode_chunked[49m[43m)[49m

[36mFile [39m[32m~/.local/share/uv/python/cpython-3.12.10-linux-x86_64-gnu/lib/python3.12/http/client.py:1384[39m, in [36mHTTPConnection._send_request[39m[34m(self, method, url, body, headers, encode_chunked)[39m
[32m   1383[39m     body = _encode(body, [33m'[39m[33mbody[39m[33m'[39m)
[32m-> [39m[32m1384[39m [38;5;28;43mself[39;49m[43m.[49m[43mendheaders[49m[43m([49m[43mbody[49m[43m,[49m[43m [49m[43mencode_chunked[49m[43m=[49m[43mencode_chunked[49m[43m)[49m

[36mFile [39m[32m~/.local/share/uv/python/cpython-3.12.10-linux-x86_64-gnu/lib/python3.12/http/client.py:1333[39m, in [36mHTTPConnection.endheaders[39m[34m(self, message_body, encode_chunked)[39m
[32m   1332[39m     [38;5;28;01mraise[39;00m CannotSendHeader()
[32m-> [39m[32m1333[39m [38;5;28;43mself[39;49m[43m.[49m[43m_send_output[49m[43m([49m[43mmessage_body[49m[43m,[49m[43m [49m[43mencode_chunked[49m[43m=[49m[43mencode_chunked[49m[43m)[49m

[36mFile [39m[32m~/.local/share/uv/python/cpython-3.12.10-linux-x86_64-gnu/lib/python3.12/http/client.py:1093[39m, in [36mHTTPConnection._send_output[39m[34m(self, message_body, encode_chunked)[39m
[32m   1092[39m [38;5;28;01mdel[39;00m [38;5;28mself[39m._buffer[:]
[32m-> [39m[32m1093[39m [38;5;28;43mself[39;49m[43m.[49m[43msend[49m[43m([49m[43mmsg[49m[43m)[49m
[32m   1095[39m [38;5;28;01mif[39;00m message_body [38;5;129;01mis[39;00m [38;5;129;01mnot[39;00m [38;5;28;01mNone[39;00m:
[32m   1096[39m 
[32m   1097[39m     [38;5;66;03m# create a consistent interface to message_body[39;00m

[36mFile [39m[32m~/.local/share/uv/python/cpython-3.12.10-linux-x86_64-gnu/lib/python3.12/http/client.py:1037[39m, in [36mHTTPConnection.send[39m[34m(self, data)[39m
[32m   1036[39m [38;5;28;01mif[39;00m [38;5;28mself[39m.auto_open:
[32m-> [39m[32m1037[39m     [38;5;28;43mself[39;49m[43m.[49m[43mconnect[49m[43m([49m[43m)[49m
[32m   1038[39m [38;5;28;01melse[39;00m:

[36mFile [39m[32m~/.local/share/uv/python/cpython-3.12.10-linux-x86_64-gnu/lib/python3.12/http/client.py:1479[39m, in [36mHTTPSConnection.connect[39m[34m(self)[39m
[32m   1477[39m     server_hostname = [38;5;28mself[39m.host
[32m-> [39m[32m1479[39m [38;5;28mself[39m.sock = [38;5;28;43mself[39;49m[43m.[49m[43m_context[49m[43m.[49m[43mwrap_socket[49m[43m([49m[38;5;28;43mself[39;49m[43m.[49m[43msock[49m[43m,[49m
[32m   1480[39m [43m                                      [49m[43mserver_hostname[49m[43m=[49m[43mserver_hostname[49m[43m)[49m

[36mFile [39m[32m~/.local/share/uv/python/cpython-3.12.10-linux-x86_64-gnu/lib/python3.12/ssl.py:455[39m, in [36mSSLContext.wrap_socket[39m[34m(self, sock, server_side, do_handshake_on_connect, suppress_ragged_eofs, server_hostname, session)[39m
[32m    449[39m [38;5;28;01mdef[39;00m[38;5;250m [39m[34mwrap_socket[39m([38;5;28mself[39m, sock, server_side=[38;5;28;01mFalse[39;00m,
[32m    450[39m                 do_handshake_on_connect=[38;5;28;01mTrue[39;00m,
[32m    451[39m                 suppress_ragged_eofs=[38;5;28;01mTrue[39;00m,
[32m    452[39m                 server_hostname=[38;5;28;01mNone[39;00m, session=[38;5;28;01mNone[39;00m):
[32m    453[39m     [38;5;66;03m# SSLSocket class handles server_hostname encoding before it calls[39;00m
[32m    454[39m     [38;5;66;03m# ctx._wrap_socket()[39;00m
[32m--> [39m[32m455[39m     [38;5;28;01mreturn[39;00m [38;5;28;43mself[39;49m[43m.[49m[43msslsocket_class[49m[43m.[49m[43m_create[49m[43m([49m
[32m    456[39m [43m        [49m[43msock[49m[43m=[49m[43msock[49m[43m,[49m
[32m    457[39m [43m        [49m[43mserver_side[49m[43m=[49m[43mserver_side[49m[43m,[49m
[32m    458[39m [43m        [49m[43mdo_handshake_on_connect[49m[43m=[49m[43mdo_handshake_on_connect[49m[43m,[49m
[32m    459[39m [43m        [49m[43msuppress_ragged_eofs[49m[43m=[49m[43msuppress_ragged_eofs[49m[43m,[49m
[32m    460[39m [43m        [49m[43mserver_hostname[49m[43m=[49m[43mserver_hostname[49m[43m,[49m
[32m    461[39m [43m        [49m[43mcontext[49m[43m=[49m[38;5;28;43mself[39;49m[43m,[49m
[32m    462[39m [43m        [49m[43msession[49m[43m=[49m[43msession[49m
[32m    463[39m [43m    [49m[43m)[49m

[36mFile [39m[32m~/.local/share/uv/python/cpython-3.12.10-linux-x86_64-gnu/lib/python3.12/ssl.py:1041[39m, in [36mSSLSocket._create[39m[34m(cls, sock, server_side, do_handshake_on_connect, suppress_ragged_eofs, server_hostname, context, session)[39m
[32m   1040[39m                 [38;5;28;01mraise[39;00m [38;5;167;01mValueError[39;00m([33m"[39m[33mdo_handshake_on_connect should not be specified for non-blocking sockets[39m[33m"[39m)
[32m-> [39m[32m1041[39m             [38;5;28;43mself[39;49m[43m.[49m[43mdo_handshake[49m[43m([49m[43m)[49m
[32m   1042[39m [38;5;28;01mexcept[39;00m:

[36mFile [39m[32m~/.local/share/uv/python/cpython-3.12.10-linux-x86_64-gnu/lib/python3.12/ssl.py:1319[39m, in [36mSSLSocket.do_handshake[39m[34m(self, block)[39m
[32m   1318[39m         [38;5;28mself[39m.settimeout([38;5;28;01mNone[39;00m)
[32m-> [39m[32m1319[39m     [38;5;28;43mself[39;49m[43m.[49m[43m_sslobj[49m[43m.[49m[43mdo_handshake[49m[43m([49m[43m)[49m
[32m   1320[39m [38;5;28;01mfinally[39;00m:

[31mSSLCertVerificationError[39m: [SSL: CERTIFICATE_VERIFY_FAILED] certificate verify failed: unable to get local issuer certificate (_ssl.c:1010)

During handling of the above exception, another exception occurred:

[31mURLError[39m                                  Traceback (most recent call last)
[36mCell[39m[36m [39m[32mIn[2][39m[32m, line 6[39m
[32m      3[39m climdiv_tminv_url = [33m"[39m[33mhttps://www.ncei.noaa.gov/pub/data/cirs/climdiv/climdiv-tmindv-v1.0.0-20250707[39m[33m"[39m
[32m      5[39m [38;5;66;03m# read the NClimDiv data setting -99.99 to NaN[39;00m
[32m----> [39m[32m6[39m climdiv_tminv = [43mpd[49m[43m.[49m[43mread_csv[49m[43m([49m[43mclimdiv_tminv_url[49m[43m,[49m[43m [49m[43msep[49m[43m=[49m[33;43m'[39;49m[33;43m\[39;49m[33;43ms+[39;49m[33;43m'[39;49m[43m,[49m[43m [49m[43mheader[49m[43m=[49m[38;5;28;43;01mNone[39;49;00m[43m,[49m[43m [49m[43mnames[49m[43m=[49m[43m[[49m[33;43m'[39;49m[33;43mcode[39;49m[33;43m'[39;49m[43m][49m[43m [49m[43m+[49m[43m [49m[38;5;28;43mlist[39;49m[43m([49m[38;5;28;43mrange[39;49m[43m([49m[32;43m1[39;49m[43m,[49m[32;43m13[39;49m[43m)[49m[43m)[49m[43m,[49m[43m [49m[43mna_values[49m[43m=[49m[43m-[49m[32;43m99.9[39;49m[43m)[49m
[32m      8[39m climdiv_tminv

[36mFile [39m[32m/N/project/easg690_fall2025/student_work_dirs/obrienta/advanced_earth_science_data_analysis/.venv/lib/python3.12/site-packages/pandas/io/parsers/readers.py:1026[39m, in [36mread_csv[39m[34m(filepath_or_buffer, sep, delimiter, header, names, index_col, usecols, dtype, engine, converters, true_values, false_values, skipinitialspace, skiprows, skipfooter, nrows, na_values, keep_default_na, na_filter, verbose, skip_blank_lines, parse_dates, infer_datetime_format, keep_date_col, date_parser, date_format, dayfirst, cache_dates, iterator, chunksize, compression, thousands, decimal, lineterminator, quotechar, quoting, doublequote, escapechar, comment, encoding, encoding_errors, dialect, on_bad_lines, delim_whitespace, low_memory, memory_map, float_precision, storage_options, dtype_backend)[39m
[32m   1013[39m kwds_defaults = _refine_defaults_read(
[32m   1014[39m     dialect,
[32m   1015[39m     delimiter,
[32m   (...)[39m[32m   1022[39m     dtype_backend=dtype_backend,
[32m   1023[39m )
[32m   1024[39m kwds.update(kwds_defaults)
[32m-> [39m[32m1026[39m [38;5;28;01mreturn[39;00m [43m_read[49m[43m([49m[43mfilepath_or_buffer[49m[43m,[49m[43m [49m[43mkwds[49m[43m)[49m

[36mFile [39m[32m/N/project/easg690_fall2025/student_work_dirs/obrienta/advanced_earth_science_data_analysis/.venv/lib/python3.12/site-packages/pandas/io/parsers/readers.py:620[39m, in [36m_read[39m[34m(filepath_or_buffer, kwds)[39m
[32m    617[39m _validate_names(kwds.get([33m"[39m[33mnames[39m[33m"[39m, [38;5;28;01mNone[39;00m))
[32m    619[39m [38;5;66;03m# Create the parser.[39;00m
[32m--> [39m[32m620[39m parser = [43mTextFileReader[49m[43m([49m[43mfilepath_or_buffer[49m[43m,[49m[43m [49m[43m*[49m[43m*[49m[43mkwds[49m[43m)[49m
[32m    622[39m [38;5;28;01mif[39;00m chunksize [38;5;129;01mor[39;00m iterator:
[32m    623[39m     [38;5;28;01mreturn[39;00m parser

[36mFile [39m[32m/N/project/easg690_fall2025/student_work_dirs/obrienta/advanced_earth_science_data_analysis/.venv/lib/python3.12/site-packages/pandas/io/parsers/readers.py:1620[39m, in [36mTextFileReader.__init__[39m[34m(self, f, engine, **kwds)[39m
[32m   1617[39m     [38;5;28mself[39m.options[[33m"[39m[33mhas_index_names[39m[33m"[39m] = kwds[[33m"[39m[33mhas_index_names[39m[33m"[39m]
[32m   1619[39m [38;5;28mself[39m.handles: IOHandles | [38;5;28;01mNone[39;00m = [38;5;28;01mNone[39;00m
[32m-> [39m[32m1620[39m [38;5;28mself[39m._engine = [38;5;28;43mself[39;49m[43m.[49m[43m_make_engine[49m[43m([49m[43mf[49m[43m,[49m[43m [49m[38;5;28;43mself[39;49m[43m.[49m[43mengine[49m[43m)[49m

[36mFile [39m[32m/N/project/easg690_fall2025/student_work_dirs/obrienta/advanced_earth_science_data_analysis/.venv/lib/python3.12/site-packages/pandas/io/parsers/readers.py:1880[39m, in [36mTextFileReader._make_engine[39m[34m(self, f, engine)[39m
[32m   1878[39m     [38;5;28;01mif[39;00m [33m"[39m[33mb[39m[33m"[39m [38;5;129;01mnot[39;00m [38;5;129;01min[39;00m mode:
[32m   1879[39m         mode += [33m"[39m[33mb[39m[33m"[39m
[32m-> [39m[32m1880[39m [38;5;28mself[39m.handles = [43mget_handle[49m[43m([49m
[32m   1881[39m [43m    [49m[43mf[49m[43m,[49m
[32m   1882[39m [43m    [49m[43mmode[49m[43m,[49m
[32m   1883[39m [43m    [49m[43mencoding[49m[43m=[49m[38;5;28;43mself[39;49m[43m.[49m[43moptions[49m[43m.[49m[43mget[49m[43m([49m[33;43m"[39;49m[33;43mencoding[39;49m[33;43m"[39;49m[43m,[49m[43m [49m[38;5;28;43;01mNone[39;49;00m[43m)[49m[43m,[49m
[32m   1884[39m [43m    [49m[43mcompression[49m[43m=[49m[38;5;28;43mself[39;49m[43m.[49m[43moptions[49m[43m.[49m[43mget[49m[43m([49m[33;43m"[39;49m[33;43mcompression[39;49m[33;43m"[39;49m[43m,[49m[43m [49m[38;5;28;43;01mNone[39;49;00m[43m)[49m[43m,[49m
[32m   1885[39m [43m    [49m[43mmemory_map[49m[43m=[49m[38;5;28;43mself[39;49m[43m.[49m[43moptions[49m[43m.[49m[43mget[49m[43m([49m[33;43m"[39;49m[33;43mmemory_map[39;49m[33;43m"[39;49m[43m,[49m[43m [49m[38;5;28;43;01mFalse[39;49;00m[43m)[49m[43m,[49m
[32m   1886[39m [43m    [49m[43mis_text[49m[43m=[49m[43mis_text[49m[43m,[49m
[32m   1887[39m [43m    [49m[43merrors[49m[43m=[49m[38;5;28;43mself[39;49m[43m.[49m[43moptions[49m[43m.[49m[43mget[49m[43m([49m[33;43m"[39;49m[33;43mencoding_errors[39;49m[33;43m"[39;49m[43m,[49m[43m [49m[33;43m"[39;49m[33;43mstrict[39;49m[33;43m"[39;49m[43m)[49m[43m,[49m
[32m   1888[39m [43m    [49m[43mstorage_options[49m[43m=[49m[38;5;28;43mself[39;49m[43m.[49m[43moptions[49m[43m.[49m[43mget[49m[43m([49m[33;43m"[39;49m[33;43mstorage_options[39;49m[33;43m"[39;49m[43m,[49m[43m [49m[38;5;28;43;01mNone[39;49;00m[43m)[49m[43m,[49m
[32m   1889[39m [43m[49m[43m)[49m
[32m   1890[39m [38;5;28;01massert[39;00m [38;5;28mself[39m.handles [38;5;129;01mis[39;00m [38;5;129;01mnot[39;00m [38;5;28;01mNone[39;00m
[32m   1891[39m f = [38;5;28mself[39m.handles.handle

[36mFile [39m[32m/N/project/easg690_fall2025/student_work_dirs/obrienta/advanced_earth_science_data_analysis/.venv/lib/python3.12/site-packages/pandas/io/common.py:728[39m, in [36mget_handle[39m[34m(path_or_buf, mode, encoding, compression, memory_map, is_text, errors, storage_options)[39m
[32m    725[39m     codecs.lookup_error(errors)
[32m    727[39m [38;5;66;03m# open URLs[39;00m
[32m--> [39m[32m728[39m ioargs = [43m_get_filepath_or_buffer[49m[43m([49m
[32m    729[39m [43m    [49m[43mpath_or_buf[49m[43m,[49m
[32m    730[39m [43m    [49m[43mencoding[49m[43m=[49m[43mencoding[49m[43m,[49m
[32m    731[39m [43m    [49m[43mcompression[49m[43m=[49m[43mcompression[49m[43m,[49m
[32m    732[39m [43m    [49m[43mmode[49m[43m=[49m[43mmode[49m[43m,[49m
[32m    733[39m [43m    [49m[43mstorage_options[49m[43m=[49m[43mstorage_options[49m[43m,[49m
[32m    734[39m [43m[49m[43m)[49m
[32m    736[39m handle = ioargs.filepath_or_buffer
[32m    737[39m handles: [38;5;28mlist[39m[BaseBuffer]

[36mFile [39m[32m/N/project/easg690_fall2025/student_work_dirs/obrienta/advanced_earth_science_data_analysis/.venv/lib/python3.12/site-packages/pandas/io/common.py:384[39m, in [36m_get_filepath_or_buffer[39m[34m(filepath_or_buffer, encoding, compression, mode, storage_options)[39m
[32m    382[39m [38;5;66;03m# assuming storage_options is to be interpreted as headers[39;00m
[32m    383[39m req_info = urllib.request.Request(filepath_or_buffer, headers=storage_options)
[32m--> [39m[32m384[39m [38;5;28;01mwith[39;00m [43murlopen[49m[43m([49m[43mreq_info[49m[43m)[49m [38;5;28;01mas[39;00m req:
[32m    385[39m     content_encoding = req.headers.get([33m"[39m[33mContent-Encoding[39m[33m"[39m, [38;5;28;01mNone[39;00m)
[32m    386[39m     [38;5;28;01mif[39;00m content_encoding == [33m"[39m[33mgzip[39m[33m"[39m:
[32m    387[39m         [38;5;66;03m# Override compression based on Content-Encoding header[39;00m

[36mFile [39m[32m/N/project/easg690_fall2025/student_work_dirs/obrienta/advanced_earth_science_data_analysis/.venv/lib/python3.12/site-packages/pandas/io/common.py:289[39m, in [36murlopen[39m[34m(*args, **kwargs)[39m
[32m    283[39m [38;5;250m[39m[33;03m"""[39;00m
[32m    284[39m [33;03mLazy-import wrapper for stdlib urlopen, as that imports a big chunk of[39;00m
[32m    285[39m [33;03mthe stdlib.[39;00m
[32m    286[39m [33;03m"""[39;00m
[32m    287[39m [38;5;28;01mimport[39;00m[38;5;250m [39m[34;01murllib[39;00m[34;01m.[39;00m[34;01mrequest[39;00m
[32m--> [39m[32m289[39m [38;5;28;01mreturn[39;00m [43murllib[49m[43m.[49m[43mrequest[49m[43m.[49m[43murlopen[49m[43m([49m[43m*[49m[43margs[49m[43m,[49m[43m [49m[43m*[49m[43m*[49m[43mkwargs[49m[43m)[49m

[36mFile [39m[32m~/.local/share/uv/python/cpython-3.12.10-linux-x86_64-gnu/lib/python3.12/urllib/request.py:215[39m, in [36murlopen[39m[34m(url, data, timeout, cafile, capath, cadefault, context)[39m
[32m    213[39m [38;5;28;01melse[39;00m:
[32m    214[39m     opener = _opener
[32m--> [39m[32m215[39m [38;5;28;01mreturn[39;00m [43mopener[49m[43m.[49m[43mopen[49m[43m([49m[43murl[49m[43m,[49m[43m [49m[43mdata[49m[43m,[49m[43m [49m[43mtimeout[49m[43m)[49m

[36mFile [39m[32m~/.local/share/uv/python/cpython-3.12.10-linux-x86_64-gnu/lib/python3.12/urllib/request.py:515[39m, in [36mOpenerDirector.open[39m[34m(self, fullurl, data, timeout)[39m
[32m    512[39m     req = meth(req)
[32m    514[39m sys.audit([33m'[39m[33murllib.Request[39m[33m'[39m, req.full_url, req.data, req.headers, req.get_method())
[32m--> [39m[32m515[39m response = [38;5;28;43mself[39;49m[43m.[49m[43m_open[49m[43m([49m[43mreq[49m[43m,[49m[43m [49m[43mdata[49m[43m)[49m
[32m    517[39m [38;5;66;03m# post-process response[39;00m
[32m    518[39m meth_name = protocol+[33m"[39m[33m_response[39m[33m"[39m

[36mFile [39m[32m~/.local/share/uv/python/cpython-3.12.10-linux-x86_64-gnu/lib/python3.12/urllib/request.py:532[39m, in [36mOpenerDirector._open[39m[34m(self, req, data)[39m
[32m    529[39m     [38;5;28;01mreturn[39;00m result
[32m    531[39m protocol = req.type
[32m--> [39m[32m532[39m result = [38;5;28;43mself[39;49m[43m.[49m[43m_call_chain[49m[43m([49m[38;5;28;43mself[39;49m[43m.[49m[43mhandle_open[49m[43m,[49m[43m [49m[43mprotocol[49m[43m,[49m[43m [49m[43mprotocol[49m[43m [49m[43m+[49m
[32m    533[39m [43m                          [49m[33;43m'[39;49m[33;43m_open[39;49m[33;43m'[39;49m[43m,[49m[43m [49m[43mreq[49m[43m)[49m
[32m    534[39m [38;5;28;01mif[39;00m result:
[32m    535[39m     [38;5;28;01mreturn[39;00m result

[36mFile [39m[32m~/.local/share/uv/python/cpython-3.12.10-linux-x86_64-gnu/lib/python3.12/urllib/request.py:492[39m, in [36mOpenerDirector._call_chain[39m[34m(self, chain, kind, meth_name, *args)[39m
[32m    490[39m [38;5;28;01mfor[39;00m handler [38;5;129;01min[39;00m handlers:
[32m    491[39m     func = [38;5;28mgetattr[39m(handler, meth_name)
[32m--> [39m[32m492[39m     result = [43mfunc[49m[43m([49m[43m*[49m[43margs[49m[43m)[49m
[32m    493[39m     [38;5;28;01mif[39;00m result [38;5;129;01mis[39;00m [38;5;129;01mnot[39;00m [38;5;28;01mNone[39;00m:
[32m    494[39m         [38;5;28;01mreturn[39;00m result

[36mFile [39m[32m~/.local/share/uv/python/cpython-3.12.10-linux-x86_64-gnu/lib/python3.12/urllib/request.py:1392[39m, in [36mHTTPSHandler.https_open[39m[34m(self, req)[39m
[32m   1391[39m [38;5;28;01mdef[39;00m[38;5;250m [39m[34mhttps_open[39m([38;5;28mself[39m, req):
[32m-> [39m[32m1392[39m     [38;5;28;01mreturn[39;00m [38;5;28;43mself[39;49m[43m.[49m[43mdo_open[49m[43m([49m[43mhttp[49m[43m.[49m[43mclient[49m[43m.[49m[43mHTTPSConnection[49m[43m,[49m[43m [49m[43mreq[49m[43m,[49m
[32m   1393[39m [43m                        [49m[43mcontext[49m[43m=[49m[38;5;28;43mself[39;49m[43m.[49m[43m_context[49m[43m)[49m

[36mFile [39m[32m~/.local/share/uv/python/cpython-3.12.10-linux-x86_64-gnu/lib/python3.12/urllib/request.py:1347[39m, in [36mAbstractHTTPHandler.do_open[39m[34m(self, http_class, req, **http_conn_args)[39m
[32m   1344[39m         h.request(req.get_method(), req.selector, req.data, headers,
[32m   1345[39m                   encode_chunked=req.has_header([33m'[39m[33mTransfer-encoding[39m[33m'[39m))
[32m   1346[39m     [38;5;28;01mexcept[39;00m [38;5;167;01mOSError[39;00m [38;5;28;01mas[39;00m err: [38;5;66;03m# timeout error[39;00m
[32m-> [39m[32m1347[39m         [38;5;28;01mraise[39;00m URLError(err)
[32m   1348[39m     r = h.getresponse()
[32m   1349[39m [38;5;28;01mexcept[39;00m:

[31mURLError[39m: <urlopen error [SSL: CERTIFICATE_VERIFY_FAILED] certificate verify failed: unable to get local issuer certificate (_ssl.c:1010)>

